// Jest Snapshot v1, https://goo.gl/fbAQLP

exports[`EventList Component renders the UI as expected 1`] = `
<body>
  <div>
    <div
      class="EventList"
    >
      <ul>
        <li>
          <a
            class="EventList__event"
            href="/event/4"
          >
            Docent Training Class
          </a>
        </li>
        <li>
          <a
            class="EventList__event"
            href="/event/3"
          >
            Adoption Day
          </a>
        </li>
        <li>
          <a
            class="EventList__event passed"
            href="/event/1"
          >
            Member Appreciation Day
          </a>
        </li>
        <li>
          <a
            class="EventList__event passed"
            href="/event/2"
          >
            Triathlon Assistance
          </a>
        </li>
      </ul>
    </div>
  </div>
</body>
`;
