// Jest Snapshot v1, https://goo.gl/fbAQLP

exports[`User Component renders the UI as expected 1`] = `
<body>
  <div>
    <div
      class="App"
    >
      <div
        class="User"
      >
        <nav
          class="Nav"
        >
          <a
            href="/"
          >
            Home
          </a>
          <a
            aria-current="page"
            class="active"
            href="/user"
          >
            Account
          </a>
          <a
            href="/"
          >
            Logout
          </a>
        </nav>
        <header>
          <h1>
            Account
          </h1>
        </header>
        <section>
          <header>
            <h2>
              Account Info
            </h2>
          </header>
          <p>
            Username: 
            user1
          </p>
          <p>
            Email: 
            email1@email.com
          </p>
        </section>
        <section>
          <header>
            <h2>
              Organizations Added
            </h2>
            <ul
              class="User__orgs"
            >
              <li
                class="User__org"
              >
                <a
                  href="/org/1"
                >
                  YMCA
                </a>
              </li>
            </ul>
          </header>
        </section>
        <section>
          <header>
            <h2>
              Events Added
            </h2>
          </header>
          <div
            class="EventList"
          >
            <ul>
              <li>
                <a
                  class="EventList__event passed"
                  href="/event/1"
                >
                  Member Appreciation
                </a>
              </li>
              <li>
                <a
                  class="EventList__event passed"
                  href="/event/2"
                >
                  Triathlon Assistance
                </a>
              </li>
            </ul>
          </div>
        </section>
      </div>
    </div>
  </div>
</body>
`;
